MSBuild version 18.7.8+1ac568fee for .NET Framework

  1>Checking Build System
  Building Custom Rule D:/a/win11-taskbar-tuner/win11-taskbar-tuner/CMakeLists.txt
  main.cpp
  taskbar_util.cpp
  config.cpp
  logger.cpp
  Generating Code...
  Win11TaskbarTuner.vcxproj -> D:\a\win11-taskbar-tuner\win11-taskbar-tuner\build\Release\Win11TaskbarTuner.exe
  Building Custom Rule D:/a/win11-taskbar-tuner/win11-taskbar-tuner/CMakeLists.txt
